
*** Running vivado
    with args -log StopwatchTOP.vds -m64 -product Vivado -mode batch -messageDb vivado.pb -notrace -source StopwatchTOP.tcl


INFO: [Common 17-3922] A valid Vivado Design Suite BASIC license has been detected. Your current license is active and will expire on 31-aug-2027.
#-----------------------------------------------------------
# Vivado v2026.1 (64-bit)
# SW Build 6511674 on Tue Jun 16 11:02:23 MDT 2026
# IP Build 6504888 on Tue Jun 09 09:05:25 MDT 2026
# SharedData Build 6501428 on Mon Jun 08 17:34:18 MDT 2026
# Start of session at: Sat Oct  3 10:31:41 2026
# Process ID         : 49724
# Current directory  : C:/Users/ddebr/Verilog/stopwatch/stopwatch.runs/synth_1
# Command line       : vivado.exe -log StopwatchTOP.vds -product Vivado -mode batch -messageDb vivado.pb -notrace -source StopwatchTOP.tcl
# Log file           : C:/Users/ddebr/Verilog/stopwatch/stopwatch.runs/synth_1/StopwatchTOP.vds
# Journal file       : C:/Users/ddebr/Verilog/stopwatch/stopwatch.runs/synth_1\vivado.jou
# Running On         : laptopDeDylan
# Platform           : Windows 11
# Operating System   : 26200
# Processor Detail   : 13th Gen Intel(R) Core(TM) i7-13620H
# CPU Frequency      : 2918 MHz
# CPU Physical cores : 10
# CPU Logical cores  : 16
# Host memory        : 33960 MB
# Swap memory        : 5174 MB
# Total Virtual      : 39134 MB
# Available Virtual  : 6469 MB
#-----------------------------------------------------------

****** Vivado v2026.1 (64-bit)
  **** SW Build 6511674 on Tue Jun 16 11:02:23 MDT 2026
  **** IP Build 6504888 on Tue Jun 09 09:05:25 MDT 2026
  **** SharedData Build 6501428 on Mon Jun 08 17:34:18 MDT 2026
  **** Start of session at: Sat Oct  3 10:31:41 2026
    ** Copyright 1986-2022 Xilinx, Inc. All Rights Reserved.
    ** Copyright 2022-2026 Advanced Micro Devices, Inc. All Rights Reserved.

source StopwatchTOP.tcl -notrace
create_project: Time (s): cpu = 00:00:27 ; elapsed = 00:00:18 . Memory (MB): peak = 584.273 ; gain = 268.312
Command: synth_design -top StopwatchTOP -part xc7a100tcsg324-1
Starting synth_design
Attempting to get a license for feature 'Vivado_Synthesis' and/or device 'xc7a100t'
INFO: [Common 17-349] Got license for feature 'Vivado_Synthesis' and/or device 'xc7a100t'
INFO: [Device 21-403] Loading part xc7a100tcsg324-1
INFO: [Designutils 20-5008] Incremental synthesis strategy default
INFO: [Synth 8-7079] Multithreading enabled for synth_design using a maximum of 2 processes.
INFO: [Synth 8-7078] Launching helper process for spawning children vivado processes
INFO: [Synth 8-7075] Helper process launched with PID 56304
---------------------------------------------------------------------------------
Starting RTL Elaboration : Time (s): cpu = 00:00:15 ; elapsed = 00:00:16 . Memory (MB): peak = 1373.215 ; gain = 577.602
---------------------------------------------------------------------------------
WARNING: [Synth 8-6901] identifier 'NBIT' is used before its declaration [C:/Users/ddebr/Verilog/stopwatch/stopwatch.srcs/sources_1/new/get_digit.v:26]
INFO: [Synth 8-11241] undeclared symbol 'clk_5MHz', assumed default net type 'wire' [C:/Users/ddebr/Verilog/stopwatch/stopwatch.srcs/sources_1/new/StopwatchTOP.v:49]
INFO: [Synth 8-6157] synthesizing module 'StopwatchTOP' [C:/Users/ddebr/Verilog/stopwatch/stopwatch.srcs/sources_1/new/StopwatchTOP.v:23]
INFO: [Synth 8-6157] synthesizing module 'ip_clock_div_top' [C:/Users/ddebr/Verilog/stopwatch/stopwatch.runs/synth_1/.Xil/Vivado-49724-laptopDeDylan/realtime/ip_clock_div_top_stub.v:6]
INFO: [Synth 8-6155] done synthesizing module 'ip_clock_div_top' (0#1) [C:/Users/ddebr/Verilog/stopwatch/stopwatch.runs/synth_1/.Xil/Vivado-49724-laptopDeDylan/realtime/ip_clock_div_top_stub.v:6]
INFO: [Synth 8-6157] synthesizing module 'get_clk' [C:/Users/ddebr/Verilog/stopwatch/stopwatch.srcs/sources_1/new/get_clk.v:25]
INFO: [Synth 8-6155] done synthesizing module 'get_clk' (0#1) [C:/Users/ddebr/Verilog/stopwatch/stopwatch.srcs/sources_1/new/get_clk.v:25]
INFO: [Synth 8-6157] synthesizing module 'get_digit' [C:/Users/ddebr/Verilog/stopwatch/stopwatch.srcs/sources_1/new/get_digit.v:23]
	Parameter NBIT bound to: 4 - type: integer 
INFO: [Synth 8-6155] done synthesizing module 'get_digit' (0#1) [C:/Users/ddebr/Verilog/stopwatch/stopwatch.srcs/sources_1/new/get_digit.v:23]
INFO: [Synth 8-6157] synthesizing module 'get_clk__parameterized0' [C:/Users/ddebr/Verilog/stopwatch/stopwatch.srcs/sources_1/new/get_clk.v:25]
	Parameter NBIT bound to: 3 - type: integer 
INFO: [Synth 8-6155] done synthesizing module 'get_clk__parameterized0' (0#1) [C:/Users/ddebr/Verilog/stopwatch/stopwatch.srcs/sources_1/new/get_clk.v:25]
INFO: [Synth 8-6157] synthesizing module 'get_digit__parameterized0' [C:/Users/ddebr/Verilog/stopwatch/stopwatch.srcs/sources_1/new/get_digit.v:23]
	Parameter NBIT bound to: 3 - type: integer 
INFO: [Synth 8-6155] done synthesizing module 'get_digit__parameterized0' (0#1) [C:/Users/ddebr/Verilog/stopwatch/stopwatch.srcs/sources_1/new/get_digit.v:23]
INFO: [Synth 8-6157] synthesizing module 'get_clk__parameterized1' [C:/Users/ddebr/Verilog/stopwatch/stopwatch.srcs/sources_1/new/get_clk.v:25]
	Parameter NBIT bound to: 2 - type: integer 
INFO: [Synth 8-6155] done synthesizing module 'get_clk__parameterized1' (0#1) [C:/Users/ddebr/Verilog/stopwatch/stopwatch.srcs/sources_1/new/get_clk.v:25]
INFO: [Synth 8-6157] synthesizing module 'sev_seg_with_clk_top' [C:/Users/ddebr/Verilog/stopwatch/stopwatch.srcs/sources_1/new/sev_seg_with_clk_top.v:21]
INFO: [Synth 8-6157] synthesizing module 'sev_seg_with_clk' [C:/Users/ddebr/Verilog/stopwatch/stopwatch.srcs/sources_1/new/sev_seg_with_clk.v:21]
INFO: [Synth 8-6157] synthesizing module 'sev_seg_decoder' [C:/Users/ddebr/Verilog/stopwatch/stopwatch.srcs/sources_1/new/sev_seg_decoder.v:21]
INFO: [Synth 8-226] default block is never used [C:/Users/ddebr/Verilog/stopwatch/stopwatch.srcs/sources_1/new/sev_seg_decoder.v:28]
INFO: [Synth 8-6155] done synthesizing module 'sev_seg_decoder' (0#1) [C:/Users/ddebr/Verilog/stopwatch/stopwatch.srcs/sources_1/new/sev_seg_decoder.v:21]
INFO: [Synth 8-6155] done synthesizing module 'sev_seg_with_clk' (0#1) [C:/Users/ddebr/Verilog/stopwatch/stopwatch.srcs/sources_1/new/sev_seg_with_clk.v:21]
INFO: [Synth 8-6155] done synthesizing module 'sev_seg_with_clk_top' (0#1) [C:/Users/ddebr/Verilog/stopwatch/stopwatch.srcs/sources_1/new/sev_seg_with_clk_top.v:21]
INFO: [Synth 8-6155] done synthesizing module 'StopwatchTOP' (0#1) [C:/Users/ddebr/Verilog/stopwatch/stopwatch.srcs/sources_1/new/StopwatchTOP.v:23]
WARNING: [Synth 8-7129] Port blink_switch in module StopwatchTOP is either unconnected or has no load
---------------------------------------------------------------------------------
Finished RTL Elaboration : Time (s): cpu = 00:00:20 ; elapsed = 00:00:23 . Memory (MB): peak = 1494.555 ; gain = 698.941
---------------------------------------------------------------------------------
---------------------------------------------------------------------------------
Start Handling Custom Attributes
---------------------------------------------------------------------------------
---------------------------------------------------------------------------------
Finished Handling Custom Attributes : Time (s): cpu = 00:00:20 ; elapsed = 00:00:23 . Memory (MB): peak = 1494.555 ; gain = 698.941
---------------------------------------------------------------------------------
---------------------------------------------------------------------------------
Finished RTL Optimization Phase 1 : Time (s): cpu = 00:00:20 ; elapsed = 00:00:23 . Memory (MB): peak = 1494.555 ; gain = 698.941
---------------------------------------------------------------------------------
Netlist sorting complete. Time (s): cpu = 00:00:00 ; elapsed = 00:00:00.003 . Memory (MB): peak = 1494.555 ; gain = 0.000
INFO: [Project 1-570] Preparing netlist for logic optimization

Processing XDC Constraints
Initializing timing engine
Parsing XDC File [c:/Users/ddebr/Verilog/stopwatch/stopwatch.gen/sources_1/ip/ip_clock_div_top/ip_clock_div_top/ip_clock_div_top_in_context.xdc] for cell 'clk_5M'
Finished Parsing XDC File [c:/Users/ddebr/Verilog/stopwatch/stopwatch.gen/sources_1/ip/ip_clock_div_top/ip_clock_div_top/ip_clock_div_top_in_context.xdc] for cell 'clk_5M'
Parsing XDC File [C:/Users/ddebr/Verilog/stopwatch/stopwatch.srcs/constrs_1/new/Stopwatchconstraints.xdc]
Finished Parsing XDC File [C:/Users/ddebr/Verilog/stopwatch/stopwatch.srcs/constrs_1/new/Stopwatchconstraints.xdc]
INFO: [Project 1-236] Implementation specific constraints were found while reading constraint file [C:/Users/ddebr/Verilog/stopwatch/stopwatch.srcs/constrs_1/new/Stopwatchconstraints.xdc]. These constraints will be ignored for synthesis but will be used in implementation. Impacted constraints are listed in the file [.Xil/StopwatchTOP_propImpl.xdc].
Resolution: To avoid this warning, move constraints listed in [.Xil/StopwatchTOP_propImpl.xdc] to another XDC file and exclude this new file from synthesis with the used_in_synthesis property (File Properties dialog in GUI) and re-run elaboration/synthesis.
Completed Processing XDC Constraints

Netlist sorting complete. Time (s): cpu = 00:00:00 ; elapsed = 00:00:00.001 . Memory (MB): peak = 1566.051 ; gain = 0.000
INFO: [Project 1-111] Unisim Transformation Summary:
No Unisim elements were transformed.

Constraint Validation Runtime : Time (s): cpu = 00:00:00 ; elapsed = 00:00:00.017 . Memory (MB): peak = 1566.496 ; gain = 0.000
---------------------------------------------------------------------------------
Finished Constraint Validation : Time (s): cpu = 00:00:44 ; elapsed = 00:00:52 . Memory (MB): peak = 1566.496 ; gain = 770.883
---------------------------------------------------------------------------------
---------------------------------------------------------------------------------
Start Loading Part and Timing Information
---------------------------------------------------------------------------------
Loading part: xc7a100tcsg324-1
---------------------------------------------------------------------------------
Finished Loading Part and Timing Information : Time (s): cpu = 00:00:44 ; elapsed = 00:00:52 . Memory (MB): peak = 1566.496 ; gain = 770.883
---------------------------------------------------------------------------------
---------------------------------------------------------------------------------
Start Applying 'set_property' XDC Constraints
---------------------------------------------------------------------------------
---------------------------------------------------------------------------------
Finished applying 'set_property' XDC Constraints : Time (s): cpu = 00:00:44 ; elapsed = 00:00:53 . Memory (MB): peak = 1566.496 ; gain = 770.883
---------------------------------------------------------------------------------
---------------------------------------------------------------------------------
Finished RTL Optimization Phase 2 : Time (s): cpu = 00:00:45 ; elapsed = 00:00:53 . Memory (MB): peak = 1566.496 ; gain = 770.883
---------------------------------------------------------------------------------
---------------------------------------------------------------------------------
Start RTL Component Statistics 
---------------------------------------------------------------------------------
Detailed RTL Component Info : 
+---Adders : 
	   2 Input   18 Bit       Adders := 1     
	   2 Input    4 Bit       Adders := 4     
	   2 Input    3 Bit       Adders := 4     
	   2 Input    2 Bit       Adders := 3     
+---Registers : 
	                4 Bit    Registers := 5     
	                3 Bit    Registers := 2     
	                2 Bit    Registers := 2     
	                1 Bit    Registers := 4     
+---Muxes : 
	   2 Input    4 Bit        Muxes := 4     
	   4 Input    4 Bit        Muxes := 2     
	   2 Input    3 Bit        Muxes := 2     
	   2 Input    2 Bit        Muxes := 1     
---------------------------------------------------------------------------------
Finished RTL Component Statistics 
---------------------------------------------------------------------------------
---------------------------------------------------------------------------------
Start Part Resource Summary
---------------------------------------------------------------------------------
Part Resources:
DSPs: 240 (col length:80)
BRAMs: 270 (col length: RAMB18 80 RAMB36 40)
---------------------------------------------------------------------------------
Finished Part Resource Summary
---------------------------------------------------------------------------------
---------------------------------------------------------------------------------
Start Cross Boundary and Area Optimization
---------------------------------------------------------------------------------
WARNING: [Synth 8-3917] design StopwatchTOP has port led_disable[3] driven by constant 1
WARNING: [Synth 8-3917] design StopwatchTOP has port led_disable[2] driven by constant 1
WARNING: [Synth 8-3917] design StopwatchTOP has port led_disable[1] driven by constant 1
WARNING: [Synth 8-3917] design StopwatchTOP has port led_disable[0] driven by constant 1
WARNING: [Synth 8-7129] Port blink_switch in module StopwatchTOP is either unconnected or has no load
---------------------------------------------------------------------------------
Finished Cross Boundary and Area Optimization : Time (s): cpu = 00:00:53 ; elapsed = 00:01:03 . Memory (MB): peak = 1572.883 ; gain = 777.270
---------------------------------------------------------------------------------
---------------------------------------------------------------------------------
Start Applying XDC Timing Constraints
---------------------------------------------------------------------------------
---------------------------------------------------------------------------------
Finished Applying XDC Timing Constraints : Time (s): cpu = 00:01:11 ; elapsed = 00:01:31 . Memory (MB): peak = 1718.488 ; gain = 922.875
---------------------------------------------------------------------------------
---------------------------------------------------------------------------------
Start Timing Optimization
---------------------------------------------------------------------------------
---------------------------------------------------------------------------------
Finished Timing Optimization : Time (s): cpu = 00:01:12 ; elapsed = 00:01:32 . Memory (MB): peak = 1741.070 ; gain = 945.457
---------------------------------------------------------------------------------
---------------------------------------------------------------------------------
Start Technology Mapping
---------------------------------------------------------------------------------
---------------------------------------------------------------------------------
Finished Technology Mapping : Time (s): cpu = 00:01:12 ; elapsed = 00:01:32 . Memory (MB): peak = 1741.070 ; gain = 945.457
---------------------------------------------------------------------------------
---------------------------------------------------------------------------------
Start IO Insertion
---------------------------------------------------------------------------------
---------------------------------------------------------------------------------
Start Flattening Before IO Insertion
---------------------------------------------------------------------------------
---------------------------------------------------------------------------------
Finished Flattening Before IO Insertion
---------------------------------------------------------------------------------
---------------------------------------------------------------------------------
Start Final Netlist Cleanup
---------------------------------------------------------------------------------
---------------------------------------------------------------------------------
Finished Final Netlist Cleanup
---------------------------------------------------------------------------------
---------------------------------------------------------------------------------
Finished IO Insertion : Time (s): cpu = 00:01:24 ; elapsed = 00:01:46 . Memory (MB): peak = 2005.277 ; gain = 1209.664
---------------------------------------------------------------------------------
---------------------------------------------------------------------------------
Start Renaming Generated Instances
---------------------------------------------------------------------------------
---------------------------------------------------------------------------------
Finished Renaming Generated Instances : Time (s): cpu = 00:01:24 ; elapsed = 00:01:46 . Memory (MB): peak = 2005.277 ; gain = 1209.664
---------------------------------------------------------------------------------
---------------------------------------------------------------------------------
Start Rebuilding User Hierarchy
---------------------------------------------------------------------------------
---------------------------------------------------------------------------------
Finished Rebuilding User Hierarchy : Time (s): cpu = 00:01:24 ; elapsed = 00:01:46 . Memory (MB): peak = 2005.277 ; gain = 1209.664
---------------------------------------------------------------------------------
---------------------------------------------------------------------------------
Start Renaming Generated Ports
---------------------------------------------------------------------------------
---------------------------------------------------------------------------------
Finished Renaming Generated Ports : Time (s): cpu = 00:01:24 ; elapsed = 00:01:46 . Memory (MB): peak = 2005.277 ; gain = 1209.664
---------------------------------------------------------------------------------
---------------------------------------------------------------------------------
Start Handling Custom Attributes
---------------------------------------------------------------------------------
---------------------------------------------------------------------------------
Finished Handling Custom Attributes : Time (s): cpu = 00:01:24 ; elapsed = 00:01:46 . Memory (MB): peak = 2005.277 ; gain = 1209.664
---------------------------------------------------------------------------------
---------------------------------------------------------------------------------
Start Renaming Generated Nets
---------------------------------------------------------------------------------
---------------------------------------------------------------------------------
Finished Renaming Generated Nets : Time (s): cpu = 00:01:24 ; elapsed = 00:01:46 . Memory (MB): peak = 2005.277 ; gain = 1209.664
---------------------------------------------------------------------------------
---------------------------------------------------------------------------------
Start Writing Synthesis Report
---------------------------------------------------------------------------------

Report BlackBoxes: 
+------+-----------------+----------+
|      |BlackBox name    |Instances |
+------+-----------------+----------+
|1     |ip_clock_div_top |         1|
+------+-----------------+----------+

Report Cell Usage: 
+------+-----------------+------+
|      |Cell             |Count |
+------+-----------------+------+
|1     |ip_clock_div_top |     1|
|2     |CARRY4           |    11|
|3     |LUT1             |     7|
|4     |LUT2             |    24|
|5     |LUT3             |    14|
|6     |LUT4             |    21|
|7     |LUT5             |     2|
|8     |LUT6             |     4|
|9     |FDCE             |    44|
|10    |FDPE             |     8|
|11    |FDRE             |    15|
|12    |IBUF             |     2|
|13    |OBUF             |    16|
+------+-----------------+------+
---------------------------------------------------------------------------------
Finished Writing Synthesis Report : Time (s): cpu = 00:01:24 ; elapsed = 00:01:46 . Memory (MB): peak = 2005.277 ; gain = 1209.664
---------------------------------------------------------------------------------
Synthesis finished with 0 errors, 0 critical warnings and 5 warnings.
Synthesis Optimization Runtime : Time (s): cpu = 00:00:58 ; elapsed = 00:01:40 . Memory (MB): peak = 2005.277 ; gain = 1137.723
Synthesis Optimization Complete : Time (s): cpu = 00:01:24 ; elapsed = 00:01:47 . Memory (MB): peak = 2005.277 ; gain = 1209.664
INFO: [Project 1-571] Translating synthesized netlist
Netlist sorting complete. Time (s): cpu = 00:00:00 ; elapsed = 00:00:00.002 . Memory (MB): peak = 2014.453 ; gain = 0.000
INFO: [Netlist 29-17] Analyzing 11 Unisim elements for replacement
INFO: [Netlist 29-28] Unisim Transformation completed in 0 CPU seconds
INFO: [Project 1-570] Preparing netlist for logic optimization
INFO: [Opt 31-138] Pushed 0 inverter(s) to 0 load pin(s).
Netlist sorting complete. Time (s): cpu = 00:00:00 ; elapsed = 00:00:00 . Memory (MB): peak = 2018.090 ; gain = 0.000
INFO: [Project 1-111] Unisim Transformation Summary:
No Unisim elements were transformed.

Synth Design complete | Checksum: 22658b8d
INFO: [Common 17-83] Releasing license: Vivado_Synthesis
38 Infos, 7 Warnings, 0 Critical Warnings and 0 Errors encountered.
synth_design completed successfully
synth_design: Time (s): cpu = 00:01:36 ; elapsed = 00:02:03 . Memory (MB): peak = 2018.098 ; gain = 1419.105
Write ShapeDB Complete: Time (s): cpu = 00:00:00 ; elapsed = 00:00:00.005 . Memory (MB): peak = 2018.098 ; gain = 0.000
INFO: [Common 17-1381] The checkpoint 'C:/Users/ddebr/Verilog/stopwatch/stopwatch.runs/synth_1/StopwatchTOP.dcp' has been generated.
INFO: [Vivado 12-24828] Executing command : report_utilization -file StopwatchTOP_utilization_synth.rpt -pb StopwatchTOP_utilization_synth.pb
INFO: [Common 17-206] Exiting Vivado at Sat Oct  3 10:34:10 2026...
