Vivado Simulator v2026.1
Copyright 1986-2022 Xilinx, Inc. All Rights Reserved.
Copyright 2022-2026 Advanced Micro Devices, Inc. All Rights Reserved.
Running: C:/AMDDesignTools/2026.1/Vivado/bin/unwrapped/win64.o/xelab.exe --incr --debug typical --relax --mt 2 -L xil_defaultlib -L unisims_ver -L unimacro_ver -L secureip -L xpm --snapshot tb_top_behav xil_defaultlib.tb_top xil_defaultlib.glbl -log elaborate.log 
INFO: [XSIM 43-3493] Using 2 slave threads.
Starting static elaboration
Pass Through NonSizing Optimizer
WARNING: [VRFC 10-3091] actual bit length 32 differs from formal bit length 18 for port 'limit' [C:/Users/ddebr/Verilog/stopwatch/stopwatch.srcs/sources_1/new/StopwatchTOP.v:48]
WARNING: [VRFC 10-3091] actual bit length 32 differs from formal bit length 3 for port 'limit' [C:/Users/ddebr/Verilog/stopwatch/stopwatch.srcs/sources_1/new/StopwatchTOP.v:56]
WARNING: [VRFC 10-3091] actual bit length 32 differs from formal bit length 3 for port 'limit' [C:/Users/ddebr/Verilog/stopwatch/stopwatch.srcs/sources_1/new/StopwatchTOP.v:64]
WARNING: [VRFC 10-3091] actual bit length 32 differs from formal bit length 5 for port 'limit' [C:/Users/ddebr/Verilog/stopwatch/stopwatch.srcs/sources_1/new/StopwatchTOP.v:72]
WARNING: [VRFC 10-3091] actual bit length 1 differs from formal bit length 4 for port 'digit' [C:/Users/ddebr/Verilog/stopwatch/stopwatch.srcs/sources_1/new/StopwatchTOP.v:94]
WARNING: [VRFC 10-3091] actual bit length 1 differs from formal bit length 4 for port 'num_3' [C:/Users/ddebr/Verilog/stopwatch/stopwatch.srcs/sources_1/new/StopwatchTOP.v:107]
Completed static elaboration
Starting simulation data flow analysis
Completed simulation data flow analysis
Time Resolution for simulation is 1ps
Compiling module unisims_ver.IBUF
Compiling module unisims_ver.MMCME2_ADV(CLKFBOUT_MULT_F=32.0,...
Compiling module unisims_ver.BUFG
Compiling module xil_defaultlib.ip_clock_div_top_clk_wiz
Compiling module xil_defaultlib.ip_clock_div_top
Compiling module xil_defaultlib.get_clk
Compiling module xil_defaultlib.get_clk(NBIT=3)
Compiling module xil_defaultlib.get_clk(NBIT=5)
Compiling module xil_defaultlib.get_digit
Compiling module xil_defaultlib.get_digit(MAX=6)
Compiling module xil_defaultlib.sev_seg_decoder
Compiling module xil_defaultlib.sev_seg_with_clk
Compiling module xil_defaultlib.sev_seg_with_clk_top
Compiling module xil_defaultlib.StopwatchTOP
Compiling module xil_defaultlib.tb_top
Compiling module xil_defaultlib.glbl
Built simulation snapshot tb_top_behav
