INFO: [VRFC 10-2263] Analyzing Verilog file "C:/Users/ddebr/Verilog/stopwatch/stopwatch.gen/sources_1/ip/ip_clock_div_top/ip_clock_div_top_clk_wiz.v" into library xil_defaultlib
INFO: [VRFC 10-311] analyzing module ip_clock_div_top_clk_wiz
INFO: [VRFC 10-2263] Analyzing Verilog file "C:/Users/ddebr/Verilog/stopwatch/stopwatch.gen/sources_1/ip/ip_clock_div_top/ip_clock_div_top.v" into library xil_defaultlib
INFO: [VRFC 10-311] analyzing module ip_clock_div_top
INFO: [VRFC 10-2263] Analyzing Verilog file "C:/Users/ddebr/Verilog/stopwatch/stopwatch.srcs/sources_1/new/StopwatchTOP.v" into library xil_defaultlib
INFO: [VRFC 10-311] analyzing module StopwatchTOP
INFO: [VRFC 10-2263] Analyzing Verilog file "C:/Users/ddebr/Verilog/stopwatch/stopwatch.srcs/sources_1/new/get_clk.v" into library xil_defaultlib
INFO: [VRFC 10-311] analyzing module get_clk
INFO: [VRFC 10-2263] Analyzing Verilog file "C:/Users/ddebr/Verilog/stopwatch/stopwatch.srcs/sources_1/new/get_digit.v" into library xil_defaultlib
INFO: [VRFC 10-311] analyzing module get_digit
INFO: [VRFC 10-2263] Analyzing Verilog file "C:/Users/ddebr/Verilog/stopwatch/stopwatch.srcs/sources_1/new/sev_seg_decoder.v" into library xil_defaultlib
INFO: [VRFC 10-311] analyzing module sev_seg_decoder
INFO: [VRFC 10-2263] Analyzing Verilog file "C:/Users/ddebr/Verilog/stopwatch/stopwatch.srcs/sources_1/new/sev_seg_with_clk.v" into library xil_defaultlib
INFO: [VRFC 10-311] analyzing module sev_seg_with_clk
WARNING: [VRFC 10-8497] literal value 'b1011 truncated to fit in 3 bits [C:/Users/ddebr/Verilog/stopwatch/stopwatch.srcs/sources_1/new/sev_seg_with_clk.v:55]
WARNING: [VRFC 10-8497] literal value 'b1101 truncated to fit in 3 bits [C:/Users/ddebr/Verilog/stopwatch/stopwatch.srcs/sources_1/new/sev_seg_with_clk.v:57]
WARNING: [VRFC 10-8497] literal value 'b1110 truncated to fit in 3 bits [C:/Users/ddebr/Verilog/stopwatch/stopwatch.srcs/sources_1/new/sev_seg_with_clk.v:59]
INFO: [VRFC 10-2263] Analyzing Verilog file "C:/Users/ddebr/Verilog/stopwatch/stopwatch.srcs/sources_1/new/sev_seg_with_clk_top.v" into library xil_defaultlib
INFO: [VRFC 10-311] analyzing module sev_seg_with_clk_top
INFO: [VRFC 10-2263] Analyzing Verilog file "C:/Users/ddebr/Verilog/stopwatch/stopwatch.srcs/sim_1/new/tb_top.v" into library xil_defaultlib
INFO: [VRFC 10-311] analyzing module tb_top
INFO: [VRFC 10-2263] Analyzing Verilog file "C:/Users/ddebr/Verilog/stopwatch/stopwatch.sim/sim_1/behav/xsim/glbl.v" into library xil_defaultlib
INFO: [VRFC 10-311] analyzing module glbl
