Copyright 1986-2022 Xilinx, Inc. All Rights Reserved. Copyright 2022-2026 Advanced Micro Devices, Inc. All Rights Reserved.
---------------------------------------------------------------------------------------------------------------------------------------------
| Tool Version : Vivado v.2026.1 (win64) Build 6511674 Tue Jun 16 11:02:23 MDT 2026
| Date         : Tue Sep 29 16:53:12 2026
| Host         : laptopDeDylan running 64-bit major release  (build 9200)
| Command      : report_control_sets -verbose -file StopwatchTOP_control_sets_placed.rpt
| Design       : StopwatchTOP
| Device       : xc7a100t
---------------------------------------------------------------------------------------------------------------------------------------------

Control Set Information

Table of Contents
-----------------
1. Summary
2. Histogram
3. Flip-Flop Distribution
4. Detailed Control Set Information

1. Summary
----------

+----------------------------------------------------------+-------+
|                          Status                          | Count |
+----------------------------------------------------------+-------+
| Total control sets                                       |    10 |
|    Minimum number of control sets                        |    10 |
|    Addition due to synthesis replication                 |     0 |
|    Addition due to physical synthesis replication        |     0 |
| Unused register locations in slices containing registers |    34 |
+----------------------------------------------------------+-------+
* Control sets can be merged at opt_design using control_set_merge or merge_equivalent_drivers
** Run report_qor_suggestions for automated merging and remapping suggestions


2. Histogram
------------

+--------------------+-------+
|       Fanout       | Count |
+--------------------+-------+
| Total control sets |    10 |
| >= 0 to < 4        |     0 |
| >= 4 to < 6        |     7 |
| >= 6 to < 8        |     1 |
| >= 8 to < 10       |     0 |
| >= 10 to < 12      |     0 |
| >= 12 to < 14      |     0 |
| >= 14 to < 16      |     0 |
| >= 16              |     2 |
+--------------------+-------+
* Control sets can be remapped at either synth_design or opt_design


3. Flip-Flop Distribution
-------------------------

+--------------+-----------------------+------------------------+-----------------+--------------+
| Clock Enable | Synchronous Set/Reset | Asynchronous Set/Reset | Total Registers | Total Slices |
+--------------+-----------------------+------------------------+-----------------+--------------+
| No           | No                    | No                     |               9 |            3 |
| No           | No                    | Yes                    |              22 |            6 |
| No           | Yes                   | No                     |              39 |           12 |
| Yes          | No                    | No                     |               0 |            0 |
| Yes          | No                    | Yes                    |               0 |            0 |
| Yes          | Yes                   | No                     |               0 |            0 |
+--------------+-----------------------+------------------------+-----------------+--------------+


4. Detailed Control Set Information
-----------------------------------

+-----------------------------+---------------+------------------------------------+------------------+----------------+--------------+
|         Clock Signal        | Enable Signal |          Set/Reset Signal          | Slice Load Count | Bel Load Count | Bels / Slice |
+-----------------------------+---------------+------------------------------------+------------------+----------------+--------------+
|  ms_get_clk/clk_out_reg_0   |               |                                    |                1 |              4 |         4.00 |
|  ms_get_clk/clk_out_reg_0   |               | reset_IBUF                         |                1 |              4 |         4.00 |
|  sec_get_clk/CLK            |               | reset_IBUF                         |                1 |              4 |         4.00 |
|  sec2_get_clk/clk_out_reg_0 |               | reset_IBUF                         |                1 |              4 |         4.00 |
|  min_get_clk/clk_out_reg_0  |               | reset_IBUF                         |                1 |              4 |         4.00 |
|  sec_get_clk/CLK            |               |                                    |                2 |              5 |         2.50 |
|  sec_get_clk/CLK            |               | min_get_clk/clk_counter[4]_i_1_n_0 |                2 |              5 |         2.50 |
|  display/clk                |               | reset_IBUF                         |                2 |              6 |         3.00 |
|  clk_5M/inst/clk_out1       |               | reset_IBUF                         |                5 |             16 |         3.20 |
|  clk_5M/inst/clk_out1       |               | ms_get_clk/clk_counter[0]_i_1_n_0  |                5 |             18 |         3.60 |
+-----------------------------+---------------+------------------------------------+------------------+----------------+--------------+


