#-----------------------------------------------------------
# Vivado v2026.1 (64-bit)
# SW Build 6511674 on Tue Jun 16 11:02:23 MDT 2026
# IP Build 6504888 on Tue Jun 09 09:05:25 MDT 2026
# SharedData Build 6501428 on Mon Jun 08 17:34:18 MDT 2026
# Start of session at: Tue Sep 29 14:49:56 2026
# Process ID         : 51112
# Current directory  : C:/Users/ddebr/Verilog/stopwatch/stopwatch.runs/ip_clock_div_top_synth_1
# Command line       : vivado.exe -log ip_clock_div_top.vds -product Vivado -mode batch -messageDb vivado.pb -notrace -source ip_clock_div_top.tcl
# Log file           : C:/Users/ddebr/Verilog/stopwatch/stopwatch.runs/ip_clock_div_top_synth_1/ip_clock_div_top.vds
# Journal file       : C:/Users/ddebr/Verilog/stopwatch/stopwatch.runs/ip_clock_div_top_synth_1\vivado.jou
# Running On         : laptopDeDylan
# Platform           : Windows 11
# Operating System   : 26200
# Processor Detail   : 13th Gen Intel(R) Core(TM) i7-13620H
# CPU Frequency      : 2918 MHz
# CPU Physical cores : 10
# CPU Logical cores  : 16
# Host memory        : 33960 MB
# Swap memory        : 4769 MB
# Total Virtual      : 38730 MB
# Available Virtual  : 3115 MB
#-----------------------------------------------------------
source ip_clock_div_top.tcl -notrace
