Vivado Simulator v2026.1
Copyright 1986-2022 Xilinx, Inc. All Rights Reserved.
Copyright 2022-2026 Advanced Micro Devices, Inc. All Rights Reserved.
Running: C:/AMDDesignTools/2026.1/Vivado/bin/unwrapped/win64.o/xelab.exe --incr --debug typical --relax --mt 2 -L xil_defaultlib -L unisims_ver -L unimacro_ver -L secureip --snapshot tb_seven_seg_behav xil_defaultlib.tb_seven_seg xil_defaultlib.glbl -log elaborate.log 
INFO: [XSIM 43-3493] Using 2 slave threads.
Starting static elaboration
Pass Through NonSizing Optimizer
WARNING: [VRFC 10-3091] actual bit length 3 differs from formal bit length 2 for port 'led_enable' [C:/Users/ddebr/Verilog/project_2/project_2.srcs/sim_1/new/tb_seven_seg.v:48]
WARNING: [VRFC 10-3091] actual bit length 2 differs from formal bit length 3 for port 'led_enable' [C:/Users/ddebr/Verilog/project_2/project_2.srcs/sources_1/new/sev_seg_with_clk_top.v:47]
Completed static elaboration
Starting simulation data flow analysis
Completed simulation data flow analysis
Time Resolution for simulation is 1ps
Compiling module xil_defaultlib.sev_seg_decoder
Compiling module xil_defaultlib.sev_seg_with_clk
Compiling module xil_defaultlib.ip_clk_div
Compiling module xil_defaultlib.sev_seg_with_clk_top
Compiling module xil_defaultlib.tb_seven_seg
Compiling module xil_defaultlib.glbl
Built simulation snapshot tb_seven_seg_behav
